.next/dev/types/validator.ts(258,39): error TS2307: Cannot find module '../../../src/app/klub/dojo/page.js' or its corresponding type declarations.
.next/dev/types/validator.ts(285,39): error TS2307: Cannot find module '../../../src/app/kontakt/page.js' or its corresponding type declarations.
src/app/admin/competitions/[id]/edit/page.tsx(29,19): error TS2322: Type '(formData: FormData) => Promise<void | { error: string; }>' is not assignable to type 'string | ((formData: FormData) => void | Promise<void>) | undefined'.
  Type '(formData: FormData) => Promise<void | { error: string; }>' is not assignable to type '(formData: FormData) => void | Promise<void>'.
    Type 'Promise<void | { error: string; }>' is not assignable to type 'void | Promise<void>'.
      Type 'Promise<void | { error: string; }>' is not assignable to type 'Promise<void>'.
        Type 'void | { error: string; }' is not assignable to type 'void'.
          Type '{ error: string; }' is not assignable to type 'void'.
src/app/admin/competitions/add/page.tsx(21,19): error TS2322: Type '(formData: FormData) => Promise<void | { error: string; }>' is not assignable to type 'string | ((formData: FormData) => void | Promise<void>) | undefined'.
  Type '(formData: FormData) => Promise<void | { error: string; }>' is not assignable to type '(formData: FormData) => void | Promise<void>'.
    Type 'Promise<void | { error: string; }>' is not assignable to type 'void | Promise<void>'.
      Type 'Promise<void | { error: string; }>' is not assignable to type 'Promise<void>'.
        Type 'void | { error: string; }' is not assignable to type 'void'.
          Type '{ error: string; }' is not assignable to type 'void'.
src/app/admin/competitions/page.tsx(46,51): error TS2322: Type '() => Promise<void | { error: string; }>' is not assignable to type 'string | ((formData: FormData) => void | Promise<void>) | undefined'.
  Type '() => Promise<void | { error: string; }>' is not assignable to type '(formData: FormData) => void | Promise<void>'.
    Type 'Promise<void | { error: string; }>' is not assignable to type 'void | Promise<void>'.
      Type 'Promise<void | { error: string; }>' is not assignable to type 'Promise<void>'.
        Type 'void | { error: string; }' is not assignable to type 'void'.
          Type '{ error: string; }' is not assignable to type 'void'.
src/app/admin/competitors/[id]/edit/page.tsx(29,19): error TS2322: Type '(formData: FormData) => Promise<void | { error: string; }>' is not assignable to type 'string | ((formData: FormData) => void | Promise<void>) | undefined'.
  Type '(formData: FormData) => Promise<void | { error: string; }>' is not assignable to type '(formData: FormData) => void | Promise<void>'.
    Type 'Promise<void | { error: string; }>' is not assignable to type 'void | Promise<void>'.
      Type 'Promise<void | { error: string; }>' is not assignable to type 'Promise<void>'.
        Type 'void | { error: string; }' is not assignable to type 'void'.
          Type '{ error: string; }' is not assignable to type 'void'.
src/app/admin/competitors/add/page.tsx(22,19): error TS2322: Type '(formData: FormData) => Promise<void | { error: string; }>' is not assignable to type 'string | ((formData: FormData) => void | Promise<void>) | undefined'.
  Type '(formData: FormData) => Promise<void | { error: string; }>' is not assignable to type '(formData: FormData) => void | Promise<void>'.
    Type 'Promise<void | { error: string; }>' is not assignable to type 'void | Promise<void>'.
      Type 'Promise<void | { error: string; }>' is not assignable to type 'Promise<void>'.
        Type 'void | { error: string; }' is not assignable to type 'void'.
          Type '{ error: string; }' is not assignable to type 'void'.
src/app/admin/competitors/page.tsx(52,47): error TS2322: Type '() => Promise<void | { error: string; }>' is not assignable to type 'string | ((formData: FormData) => void | Promise<void>) | undefined'.
  Type '() => Promise<void | { error: string; }>' is not assignable to type '(formData: FormData) => void | Promise<void>'.
    Type 'Promise<void | { error: string; }>' is not assignable to type 'void | Promise<void>'.
      Type 'Promise<void | { error: string; }>' is not assignable to type 'Promise<void>'.
        Type 'void | { error: string; }' is not assignable to type 'void'.
          Type '{ error: string; }' is not assignable to type 'void'.
src/app/admin/gallery/[id]/page.tsx(36,27): error TS2322: Type '(formData: FormData) => Promise<void | { error: string; }>' is not assignable to type 'string | ((formData: FormData) => void | Promise<void>) | undefined'.
  Type '(formData: FormData) => Promise<void | { error: string; }>' is not assignable to type '(formData: FormData) => void | Promise<void>'.
    Type 'Promise<void | { error: string; }>' is not assignable to type 'void | Promise<void>'.
      Type 'Promise<void | { error: string; }>' is not assignable to type 'Promise<void>'.
        Type 'void | { error: string; }' is not assignable to type 'void'.
          Type '{ error: string; }' is not assignable to type 'void'.
src/app/admin/gallery/[id]/page.tsx(90,27): error TS2322: Type '(formData: FormData) => Promise<void | { error: string; }>' is not assignable to type 'string | ((formData: FormData) => void | Promise<void>) | undefined'.
  Type '(formData: FormData) => Promise<void | { error: string; }>' is not assignable to type '(formData: FormData) => void | Promise<void>'.
    Type 'Promise<void | { error: string; }>' is not assignable to type 'void | Promise<void>'.
      Type 'Promise<void | { error: string; }>' is not assignable to type 'Promise<void>'.
        Type 'void | { error: string; }' is not assignable to type 'void'.
          Type '{ error: string; }' is not assignable to type 'void'.
src/app/admin/gallery/[id]/page.tsx(119,39): error TS2322: Type '() => Promise<void | { error: string; }>' is not assignable to type 'string | ((formData: FormData) => void | Promise<void>) | undefined'.
  Type '() => Promise<void | { error: string; }>' is not assignable to type '(formData: FormData) => void | Promise<void>'.
    Type 'Promise<void | { error: string; }>' is not assignable to type 'void | Promise<void>'.
      Type 'Promise<void | { error: string; }>' is not assignable to type 'Promise<void>'.
        Type 'void | { error: string; }' is not assignable to type 'void'.
          Type '{ error: string; }' is not assignable to type 'void'.
src/app/admin/gallery/add/page.tsx(52,23): error TS2322: Type '(formData: FormData) => Promise<void | { error: string; }>' is not assignable to type 'string | ((formData: FormData) => void | Promise<void>) | undefined'.
  Type '(formData: FormData) => Promise<void | { error: string; }>' is not assignable to type '(formData: FormData) => void | Promise<void>'.
    Type 'Promise<void | { error: string; }>' is not assignable to type 'void | Promise<void>'.
      Type 'Promise<void | { error: string; }>' is not assignable to type 'Promise<void>'.
        Type 'void | { error: string; }' is not assignable to type 'void'.
          Type '{ error: string; }' is not assignable to type 'void'.
src/app/admin/gallery/page.tsx(55,39): error TS2322: Type '() => Promise<void | { error: string; }>' is not assignable to type 'string | ((formData: FormData) => void | Promise<void>) | undefined'.
  Type '() => Promise<void | { error: string; }>' is not assignable to type '(formData: FormData) => void | Promise<void>'.
    Type 'Promise<void | { error: string; }>' is not assignable to type 'void | Promise<void>'.
      Type 'Promise<void | { error: string; }>' is not assignable to type 'Promise<void>'.
        Type 'void | { error: string; }' is not assignable to type 'void'.
          Type '{ error: string; }' is not assignable to type 'void'.
src/app/admin/messages/[id]/page.tsx(87,23): error TS2322: Type '() => Promise<void | { error: string; }>' is not assignable to type 'string | ((formData: FormData) => void | Promise<void>) | undefined'.
  Type '() => Promise<void | { error: string; }>' is not assignable to type '(formData: FormData) => void | Promise<void>'.
    Type 'Promise<void | { error: string; }>' is not assignable to type 'void | Promise<void>'.
      Type 'Promise<void | { error: string; }>' is not assignable to type 'Promise<void>'.
        Type 'void | { error: string; }' is not assignable to type 'void'.
          Type '{ error: string; }' is not assignable to type 'void'.
src/app/admin/messages/page.tsx(58,55): error TS2322: Type '() => Promise<void | { error: string; }>' is not assignable to type 'string | ((formData: FormData) => void | Promise<void>) | undefined'.
  Type '() => Promise<void | { error: string; }>' is not assignable to type '(formData: FormData) => void | Promise<void>'.
    Type 'Promise<void | { error: string; }>' is not assignable to type 'void | Promise<void>'.
      Type 'Promise<void | { error: string; }>' is not assignable to type 'Promise<void>'.
        Type 'void | { error: string; }' is not assignable to type 'void'.
          Type '{ error: string; }' is not assignable to type 'void'.
src/app/admin/news/add/page.tsx(52,23): error TS2322: Type '(formData: FormData) => Promise<void | { error: string; }>' is not assignable to type 'string | ((formData: FormData) => void | Promise<void>) | undefined'.
  Type '(formData: FormData) => Promise<void | { error: string; }>' is not assignable to type '(formData: FormData) => void | Promise<void>'.
    Type 'Promise<void | { error: string; }>' is not assignable to type 'void | Promise<void>'.
      Type 'Promise<void | { error: string; }>' is not assignable to type 'Promise<void>'.
        Type 'void | { error: string; }' is not assignable to type 'void'.
          Type '{ error: string; }' is not assignable to type 'void'.
src/app/admin/news/page.tsx(44,47): error TS2322: Type '() => Promise<void | { error: string; }>' is not assignable to type 'string | ((formData: FormData) => void | Promise<void>) | undefined'.
  Type '() => Promise<void | { error: string; }>' is not assignable to type '(formData: FormData) => void | Promise<void>'.
    Type 'Promise<void | { error: string; }>' is not assignable to type 'void | Promise<void>'.
      Type 'Promise<void | { error: string; }>' is not assignable to type 'Promise<void>'.
        Type 'void | { error: string; }' is not assignable to type 'void'.
          Type '{ error: string; }' is not assignable to type 'void'.
src/app/admin/sponsors/[id]/edit/page.tsx(29,19): error TS2322: Type '(formData: FormData) => Promise<void | { error: string; }>' is not assignable to type 'string | ((formData: FormData) => void | Promise<void>) | undefined'.
  Type '(formData: FormData) => Promise<void | { error: string; }>' is not assignable to type '(formData: FormData) => void | Promise<void>'.
    Type 'Promise<void | { error: string; }>' is not assignable to type 'void | Promise<void>'.
      Type 'Promise<void | { error: string; }>' is not assignable to type 'Promise<void>'.
        Type 'void | { error: string; }' is not assignable to type 'void'.
          Type '{ error: string; }' is not assignable to type 'void'.
src/app/admin/sponsors/add/page.tsx(21,19): error TS2322: Type '(formData: FormData) => Promise<void | { error: string; }>' is not assignable to type 'string | ((formData: FormData) => void | Promise<void>) | undefined'.
  Type '(formData: FormData) => Promise<void | { error: string; }>' is not assignable to type '(formData: FormData) => void | Promise<void>'.
    Type 'Promise<void | { error: string; }>' is not assignable to type 'void | Promise<void>'.
      Type 'Promise<void | { error: string; }>' is not assignable to type 'Promise<void>'.
        Type 'void | { error: string; }' is not assignable to type 'void'.
          Type '{ error: string; }' is not assignable to type 'void'.
src/app/admin/sponsors/page.tsx(53,51): error TS2322: Type '() => Promise<void | { error: string; }>' is not assignable to type 'string | ((formData: FormData) => void | Promise<void>) | undefined'.
  Type '() => Promise<void | { error: string; }>' is not assignable to type '(formData: FormData) => void | Promise<void>'.
    Type 'Promise<void | { error: string; }>' is not assignable to type 'void | Promise<void>'.
      Type 'Promise<void | { error: string; }>' is not assignable to type 'Promise<void>'.
        Type 'void | { error: string; }' is not assignable to type 'void'.
          Type '{ error: string; }' is not assignable to type 'void'.
src/app/admin/trainers/page.tsx(53,51): error TS2322: Type '() => Promise<void | { error: string; }>' is not assignable to type 'string | ((formData: FormData) => void | Promise<void>) | undefined'.
  Type '() => Promise<void | { error: string; }>' is not assignable to type '(formData: FormData) => void | Promise<void>'.
    Type 'Promise<void | { error: string; }>' is not assignable to type 'void | Promise<void>'.
      Type 'Promise<void | { error: string; }>' is not assignable to type 'Promise<void>'.
        Type 'void | { error: string; }' is not assignable to type 'void'.
          Type '{ error: string; }' is not assignable to type 'void'.
